<?xml version="1.0" encoding="UTF-8"?>
<testsuites name="jest tests" tests="2" failures="0" time="27.365">
  <testsuite name="Worldmap Migrations" errors="0" failures="0" skipped="0" timestamp="2021-11-11T11:59:40" time="9.499" tests="1">
    <testcase classname="Worldmap Migrations simple worldmap" name="Worldmap Migrations simple worldmap" time="0.006">
    </testcase>
  </testsuite>
  <testsuite name="Placename lookups" errors="0" failures="0" skipped="0" timestamp="2021-11-11T11:59:40" time="16.18" tests="1">
    <testcase classname="Placename lookups unified worldmap config" name="Placename lookups unified worldmap config" time="0.01">
    </testcase>
  </testsuite>
</testsuites>